Resolved "preview" environment for the build. Learn more: https://docs.expo.dev/eas/environment-variables/#setting-the-environment-for-your-builds
No environment variables with visibility "Plain text" and "Sensitive" found for the "preview" environment on EAS.

⠋ Incrementing versionCode from 4 to 5.⠙ Incrementing versionCode from 4 to 5.⠹ Incrementing versionCode from 4 to 5.⠸ Incrementing versionCode from 4 to 5.⠼ Incrementing versionCode from 4 to 5.⠴ Incrementing versionCode from 4 to 5.⠦ Incrementing versionCode from 4 to 5.⠧ Incrementing versionCode from 4 to 5.⠇ Incrementing versionCode from 4 to 5.✔ Incremented versionCode from 4 to 5.
✔ Using remote Android credentials (Expo server)
✔ Using Keystore from configuration: Build Credentials 0gpiMLibPm (default)
⠋ Compressing project files⠙ Compressing project files⠹ Compressing project files⠸ Compressing project files⠼ Compressing project files⠴ Compressing project files⠦ Compressing project files⠧ Compressing project files⠇ Compressing project files⠏ Compressing project files⠋ Compressing project files⠙ Compressing project files⠹ Compressing project files⠸ Compressing project files⠼ Compressing project files⠴ Compressing project files⠦ Compressing project files⠧ Compressing project files⠇ Compressing project files⠏ Compressing project files⠋ Compressing project files⠙ Compressing project files⠹ Compressing project files✔ Compressed project files 3s (73.0 MB)
⠋ Computing project fingerprint⠙ Computing project fingerprint⠹ Computing project fingerprint⠸ Computing project fingerprint⠼ Computing project fingerprint⠴ Computing project fingerprint⠦ Computing project fingerprint✔ Computed project fingerprint
ANDROID_NDK_HOME environment variable was not specified, continuing build without NDK
[SETUP_WORKINGDIR] Preparing workingdir /var/folders/xd/knpwc4vn3r30d8xptwtz7_r00000gn/T/eas-build-local-nodejs/4ede181d-4654-427f-8187-0139b91c48d1
[START_BUILD] Starting build
  "job": {
    "type": "managed",
    "platform": "android",
    "projectRootDirectory": ".",
    "projectArchive": {
      "type": "PATH",
      "path": "/var/folders/xd/knpwc4vn3r30d8xptwtz7_r00000gn/T/eas-cli-nodejs/f01c244d-3b13-43b7-bc13-891f6b193dcc.tar.gz"
    },
    "builderEnvironment": {
      "env": {}
    },
    "cache": {
      "disabled": false,
      "paths": [],
      "clear": false
    },
    "updates": {},
    "buildType": "apk",
    "username": "tarun09",
    "version": {
      "versionCode": "5"
    },
    "experimental": {},
    "mode": "build",
    "triggeredBy": "EAS_CLI",
    "appId": "5030619a-2751-401e-b026-99c692987ad7",
    "initiatingUserId": "45d6262c-2abe-4a33-bfdb-30a60a108d43"
  }
Local build, skipping project archive refresh
[READ_PACKAGE_JSON] Using package.json:
[READ_PACKAGE_JSON] {
  "name": "nalmifx-mobile",
  "version": "1.0.0",
  "main": "index.js",
  "scripts": {
    "start": "expo start",
    "android": "expo start --android",
    "ios": "expo start --ios",
    "web": "expo start --web"
  },
  "dependencies": {
    "@expo/vector-icons": "^15.0.3",
    "@react-navigation/bottom-tabs": "^7.9.1",
    "@react-navigation/native": "^7.1.26",
    "@react-navigation/native-stack": "^7.9.0",
    "expo": "~54.0.32",
    "expo-clipboard": "~8.0.8",
    "expo-font": "~14.0.11",
    "expo-image-picker": "~17.0.10",
    "expo-secure-store": "^15.0.8",
    "expo-status-bar": "~3.0.9",
    "react": "19.1.0",
    "react-native": "0.81.5",
    "react-native-gesture-handler": "^2.30.0",
    "react-native-reanimated": "^4.2.1",
    "react-native-safe-area-context": "^5.6.2",
    "react-native-screens": "~4.16.0",
    "react-native-webview": "13.15.0",
    "react-native-worklets": "0.5.1",
    "socket.io-client": "^4.8.3"
  },
  "private": true
}
[INSTALL_DEPENDENCIES] Running "npm ci --include=dev" in /var/folders/xd/knpwc4vn3r30d8xptwtz7_r00000gn/T/eas-build-local-nodejs/4ede181d-4654-427f-8187-0139b91c48d1/build directory
[INSTALL_DEPENDENCIES] npm error code ERESOLVE
[INSTALL_DEPENDENCIES] npm error ERESOLVE could not resolve
[INSTALL_DEPENDENCIES] npm error
[INSTALL_DEPENDENCIES] npm error While resolving: react-native-reanimated@4.2.1
[INSTALL_DEPENDENCIES] npm error Found: react-native-worklets@0.5.1
[INSTALL_DEPENDENCIES] npm error node_modules/react-native-worklets
[INSTALL_DEPENDENCIES] npm error   react-native-worklets@"0.5.1" from the root project
[INSTALL_DEPENDENCIES] npm error
[INSTALL_DEPENDENCIES] npm error Could not resolve dependency:
[INSTALL_DEPENDENCIES] npm error peer react-native-worklets@">=0.7.0" from react-native-reanimated@4.2.1
[INSTALL_DEPENDENCIES] npm error node_modules/react-native-reanimated
[INSTALL_DEPENDENCIES] npm error   react-native-reanimated@"^4.2.1" from the root project
[INSTALL_DEPENDENCIES] npm error
[INSTALL_DEPENDENCIES] npm error Conflicting peer dependency: react-native-worklets@0.7.2
[INSTALL_DEPENDENCIES] npm error node_modules/react-native-worklets
[INSTALL_DEPENDENCIES] npm error   peer react-native-worklets@">=0.7.0" from react-native-reanimated@4.2.1
[INSTALL_DEPENDENCIES] npm error   node_modules/react-native-reanimated
[INSTALL_DEPENDENCIES] npm error     react-native-reanimated@"^4.2.1" from the root project
[INSTALL_DEPENDENCIES] npm error
[INSTALL_DEPENDENCIES] npm error Fix the upstream dependency conflict, or retry
[INSTALL_DEPENDENCIES] npm error this command with --force or --legacy-peer-deps
[INSTALL_DEPENDENCIES] npm error to accept an incorrect (and potentially broken) dependency resolution.
[INSTALL_DEPENDENCIES] npm error
[INSTALL_DEPENDENCIES] npm error
[INSTALL_DEPENDENCIES] npm error For a full report see:
[INSTALL_DEPENDENCIES] npm error /Users/tarundewangan/.npm/_logs/2026-01-28T14_58_54_823Z-eresolve-report.txt
[INSTALL_DEPENDENCIES] npm error A complete log of this run can be found in: /Users/tarundewangan/.npm/_logs/2026-01-28T14_58_54_823Z-debug-0.log
[INSTALL_DEPENDENCIES] 
Error: npm ci --include=dev exited with non-zero code: 1
    at ChildProcess.completionListener (/Users/tarundewangan/.npm/_npx/51b74c4db9e60cb6/node_modules/@expo/spawn-async/build/spawnAsync.js:42:23)
    at Object.onceWrapper (node:events:623:26)
    at ChildProcess.emit (node:events:508:28)
    at maybeClose (node:internal/child_process:1101:16)
    at ChildProcess._handle.onexit (node:internal/child_process:305:5)
    ...
    at spawnAsync (/Users/tarundewangan/.npm/_npx/51b74c4db9e60cb6/node_modules/@expo/spawn-async/build/spawnAsync.js:7:23)
    at spawn (/Users/tarundewangan/.npm/_npx/51b74c4db9e60cb6/node_modules/@expo/turtle-spawn/dist/index.js:16:47)
    at installDependenciesAsync (/Users/tarundewangan/.npm/_npx/51b74c4db9e60cb6/node_modules/@expo/build-tools/dist/common/installDependencies.js:53:50)
    at runInstallDependenciesAsync (/Users/tarundewangan/.npm/_npx/51b74c4db9e60cb6/node_modules/@expo/build-tools/dist/common/setup.js:160:107)
    at /Users/tarundewangan/.npm/_npx/51b74c4db9e60cb6/node_modules/@expo/build-tools/dist/common/setup.js:66:15
    at BuildContext.runBuildPhase (/Users/tarundewangan/.npm/_npx/51b74c4db9e60cb6/node_modules/@expo/build-tools/dist/context.js:123:34)
    at setupAsync (/Users/tarundewangan/.npm/_npx/51b74c4db9e60cb6/node_modules/@expo/build-tools/dist/common/setup.js:56:15)
    at async buildAsync (/Users/tarundewangan/.npm/_npx/51b74c4db9e60cb6/node_modules/@expo/build-tools/dist/builders/android.js:72:5)
    at async runBuilderWithHooksAsync (/Users/tarundewangan/.npm/_npx/51b74c4db9e60cb6/node_modules/@expo/build-tools/dist/builders/common.js:12:13)
    at async Object.androidBuilder (/Users/tarundewangan/.npm/_npx/51b74c4db9e60cb6/node_modules/@expo/build-tools/dist/builders/android.js:59:16)

Build failed
Unknown error. See logs of the Install dependencies build phase for more information.
Error: Unknown error. See logs of the Install dependencies build phase for more information.
    at resolveBuildPhaseErrorAsync (/Users/tarundewangan/.npm/_npx/51b74c4db9e60cb6/node_modules/@expo/build-tools/dist/buildErrors/detectError.js:69:12)
    at process.processTicksAndRejections (node:internal/process/task_queues:103:5)
    at async BuildContext.handleBuildPhaseErrorAsync (/Users/tarundewangan/.npm/_npx/51b74c4db9e60cb6/node_modules/@expo/build-tools/dist/context.js:192:28)
    at async BuildContext.runBuildPhase (/Users/tarundewangan/.npm/_npx/51b74c4db9e60cb6/node_modules/@expo/build-tools/dist/context.js:135:35)
    at async setupAsync (/Users/tarundewangan/.npm/_npx/51b74c4db9e60cb6/node_modules/@expo/build-tools/dist/common/setup.js:56:5)
    at async buildAsync (/Users/tarundewangan/.npm/_npx/51b74c4db9e60cb6/node_modules/@expo/build-tools/dist/builders/android.js:72:5)
    at async runBuilderWithHooksAsync (/Users/tarundewangan/.npm/_npx/51b74c4db9e60cb6/node_modules/@expo/build-tools/dist/builders/common.js:12:13)
    at async Object.androidBuilder (/Users/tarundewangan/.npm/_npx/51b74c4db9e60cb6/node_modules/@expo/build-tools/dist/builders/android.js:59:16)
    at async buildAndroidAsync (/Users/tarundewangan/.npm/_npx/51b74c4db9e60cb6/node_modules/eas-cli-local-build-plugin/dist/android.js:44:12)
    at async buildAsync (/Users/tarundewangan/.npm/_npx/51b74c4db9e60cb6/node_modules/eas-cli-local-build-plugin/dist/build.js:55:29)
npx -y eas-cli-local-build-plugin@1.0.243 eyJqb2IiOnsidHlwZSI6Im1hbmFnZWQiLCJwbGF0Zm9ybSI6ImFuZHJvaWQiLCJwcm9qZWN0Um9vdERpcmVjdG9yeSI6Ii4iLCJwcm9qZWN0QXJjaGl2ZSI6eyJ0eXBlIjoiUEFUSCIsInBhdGgiOiIvdmFyL2ZvbGRlcnMveGQva25wd2M0dm4zcjMwZDh4cHR3dHo3X3IwMDAwMGduL1QvZWFzLWNsaS1ub2RlanMvZjAxYzI0NGQtM2IxMy00M2I3LWJjMTMtODkxZjZiMTkzZGNjLnRhci5neiJ9LCJidWlsZGVyRW52aXJvbm1lbnQiOnsiZW52Ijp7fX0sImNhY2hlIjp7ImRpc2FibGVkIjpmYWxzZSwicGF0aHMiOltdLCJjbGVhciI6ZmFsc2V9LCJzZWNyZXRzIjp7ImJ1aWxkQ3JlZGVudGlhbHMiOnsia2V5c3RvcmUiOnsiZGF0YUJhc2U2NCI6Ii91Mys3UUFBQUFJQUFBQUJBQUFBQVFBZ09HVmxOV0V3WmpKaE9XTmpNRGRqTkRkak16YzNZakV3TURVM05HRmhPRGtBQUFHY0JKYVF0d0FBQlFBd2dnVDhNQTRHQ2lzR0FRUUJLZ0lSQVFFRkFBU0NCT2pId0pxUWJHdEFVakQ0eUhhMVZqZUlIdVdKNVY4TGgxWEtOWlhwY1BxU1QzU05XYTkzeTVzWHZtZGxpV2EyaFlkbW1hMnk5UFlWOVZkM2FEeVl5MWFlaWZocGxJeWxZei94a1BZc2lRQUk1cDZvd2VpYXhOa1VSVWZFRWI1ZmJBY2NmR2w0d0ZNdi9CbHZZYmRMRCttZ2xpcDdDcVdJRTYybThTZW9zdGlKQ21DU2pVa21tcnJRd2krb3E5SDBWWWJpaldXVXB6OFMxMlUvSFZFSmVHWExkYnoyQ0l1L24vU0ZTa1cwdDUvVTcxM2RFMlVNSHhkY25TT3RaK082SVJpdmZ2dFRzcW5IZ1J4RjdoUW1ZcHZsTXYvaTNFRDFvb0R2eGJlNTRta1hYejdSemdFNmhjeUpEMURqWmg1YjU3NnYwYVhJYkwzWlBveVpVdEFJbDlxRVlmbkdldkV3aXkxaHdrWmhOODFad1I3SnRoNzVMSnpJUEFoa1JvK3FZQ0RtNmxMajFYZWpXR1JNcmdEakJoVVN4cFAva0tla0JWRWtSekh3WndXZzBpWjRYbDNDUFVyUVREWEV5U3NBb2lvckhWWHkvVEp3TjBFcElHN3B1RjY1bHVZMlVGb0hCS2o5MVV3aHpTNWwwM1pNeEdlbld3VHRSeFZpdkhHZndRbGE3UTgwU25kbXNsZTdBSVJ1bVlDcER4bk1wUlJ6ZnhaK1dqbDc2OXhEbHB3K2VhczJFemF5UEV2dHphWDNlTmFzUHJHNklhY2pzL2xYTURYNGhXZ3RIMENYZ0N2N25DZkZXdjUzWDlWUFVrdlR1dGZKN0liaXZOQkxibHZuT2RCeFc2SkNoc2dwcEdYSXhLNGp4ZlVnVy9wd2NHYnNVTVVsZ1pqNkcxenZjMFR4SXNoYmF6clhNeWxhcmFETzVaNER2bFRremZOR3AvMG13L295eForMHRnaXVmemJyMTkzV0lpdDVjajd0Y3M2Rll0dVRBNVFPbGZ4RHEyR0xKNGhFZlU0d0d2SVp2bUlUbzNTQzFmQUtTREcrNWdpVXFESHBGM3JtM1VyeVEyK0pERi9yZVhTclNTSWJGQlZQMnE5UVFFZjF4UXVUMlhwRWVBZTFobUtRT2FoZ1BINkxlWldvVnBwZ3l1U0pWcjF2dDB2cjh2bEF5ZEtSWkU1elUzNU04MHJ1dUlLNDJRM05saktnckhpZURRbS9KeTl4NHl2dXB6UDIrd0t1NTNacDNOMWluTE1lK1pSKzIwaVhYaDV4VzdwY2NMYVZrOURCaUZOVmJuU2MzN3htQXZCaWd5UUZjL1kxQk1nUXhCaERiNkkxZnFJb3NMYVZyV0dsVEZCZVRhQ0JwTjFYM2pzM0RIMGVJbXZwSTBGbFJWM2dFaDNpZmoxVUtuckdEWnJEZmFMZ3ArTWlLZzdPcTRJa1lxNGRMdi9aMDRYWmEyQVY4TlFsRkMxWHR0V0pTL3ZzUXd0cWo5SGV4VjZidUpVMmlTV3pDcHpMdzdBNU5sWnJkRmkyQ05SWFlOSmUxRGt2RWRSdnhRNld3SEk3RHdiS25pOC9ER2Q2eEltT2J4TnF0a2ttUjEwbVc3T1k2NDBTenBmbmFCcFd0S0NPMlRJSkJIT2F4Z2t1dDdxcGdtUlNPZFlKc3dBajBSYWM3MmZ0WWlPbDBwRUF5VGUrcE1rdWxoRFhXelhOYVdMVE50UFdsWitLemFOdy9maWV2V0FWdjdWL28vdms0YlR3VEhkeS8rYjBYSTk0UVhsclJXZFZhNUw4T1BFK2JkQlFUaDN2bVVteXRtVyt1QXZNRkVBemVrbHZ1ZjBWVnJwTnIzNlIvVDZ0TnVsVjYyYjlnQ2dJYmhsYzdhRFRqRzhnT3VWd053cTNxK0Ercm5hbVhmNFUyK21wNjZPbXN2RGVUNnNvRnJjYTIzdDU5WTBMeFUzVU8zVnQ0MDVHTzQzclMyeUZ6VXppSXBKbHYvZVRiRVh0L0pDWTdBZEF1OG0xQkRDQWM4VHphc05QMVpVVkJiNnkxbGxUYWRGeFc4NlA5S3dlT1AvMHNEcHhEWGtOSmppNWowRkFNM2FzSDNRcEFYbjc2SkNOcWk1ZGgzWEZQWk1UTzBvMUhWcDBLUzMwKzhUS3lUTTI0OHFTdUsrcmFXUFMxSEl2UlVlbkxxdzBUNnRJb2FQK0RnOGxpMEY4ZzUzaC9ldGl5eStTQTJ6UllnQUFBQUVBQlZndU5UQTVBQUFETGpDQ0F5b3dnZ0lTb0FNQ0FRSUNDUUR2RjVyVm1sK0cyREFOQmdrcWhraUc5dzBCQVFzRkFEQkNNUWt3QndZRFZRUUdFd0F4Q1RBSEJnTlZCQWdUQURFSk1BY0dBMVVFQnhNQU1Ra3dCd1lEVlFRS0V3QXhDVEFIQmdOVkJBc1RBREVKTUFjR0ExVUVBeE1BTUNBWERUSTJNREV5T0RFeU16RTBNVm9ZRHpJd05UTXdOakUxTVRJek1UUXhXakJDTVFrd0J3WURWUVFHRXdBeENUQUhCZ05WQkFnVEFERUpNQWNHQTFVRUJ4TUFNUWt3QndZRFZRUUtFd0F4Q1RBSEJnTlZCQXNUQURFSk1BY0dBMVVFQXhNQU1JSUJJakFOQmdrcWhraUc5dzBCQVFFRkFBT0NBUThBTUlJQkNnS0NBUUVBcnhZWDRJeUFTbXp4MWVOQSszd2hldDdXZnY3d0hNSzVLbzFUTStNUDh5cFVyRUluZHJIa3pnaWh4UzE3WkRDdXNWM2EzMVpuZG41bktFZUFKRFZON05zb2cvMXJ6VjVYK1dtSzBCTElSelhSV1lyVzE4d1dYeXlEdU1DdWRJRW0weGZmemJLT3F6ZjdNdlFORk9oaGtUOVEwc2RieUJLMDI4eXZvbjEreEhvSGNocVIxMS8rajRpdlRkaVhkbmlOMnYxWHJUdi94eUJpVVc1bm9hbG1sOU82UWd1WktheCtoRGdmMTlCMUxDMHp4bUZLQ1YyOEI0WmVvUHVlcm9yUC9jcGZLakRCWWZETnkrdVlQbDNDa2JvRHlJV1lvcDJ5NzhUT1R6RWZ5OGhGaWdxSFZIS3J5SHY2UDJxN1RSZGpSNTFQZHkybVp2TWE4ZEN6SXJlZHF3SURBUUFCb3lFd0h6QWRCZ05WSFE0RUZnUVVkc3F5dHV1SmgwZENiNkh0NU1IVUkvQjhISTh3RFFZSktvWklodmNOQVFFTEJRQURnZ0VCQUpURW9mYU9EM1BPajE5L252VGcxZGhCVTYzQWUzRTZod0s3dGs0RkFLYVRZM09Id1ZaUFgwQkdsdzNTTkRFakU2aWdJNEFXYStTUWo0NjRsMys0YmQwVXVTSThaQkZac3VWc1ZNeFBnSUk3WExqU09XNnBORHNsUDJGMlRjT2NWcFNEY2tXOFh6RDlGbWlYWVpvRzhSLzFyVU9maDRxRmxrZU5QMFd6UUp1WllHajE1TjB5SzA1Z3lYWXpQeEI2akdCTkVsbWVTUWw3U2psczhLVVZTQTA3RWZ1L3ZGdkNHS0xibUV1SGxEei9BbWJob3lFU2RQMWx4QnVRaTRadnhKK0pDTDhUSDNjZlRtU0VMbU4zTlowVkJzMGdqY3BOVnR3NlhqaFdqTGd0Y3FIWC9MdXFUeHYxM0VKS2N4TnNFZmlUOWlpd2NYZFY2cXlsdDhCSlVrazdaYk40OHhhYVNSVnFGWjhFb2RoTDFqWnhjQT09Iiwia2V5c3RvcmVQYXNzd29yZCI6ImZhNWFlY2NmYjVhMzlmMzdmZDMyODM3NjZiYzY2NzljIiwia2V5QWxpYXMiOiI4ZWU1YTBmMmE5Y2MwN2M0N2MzNzdiMTAwNTc0YWE4OSIsImtleVBhc3N3b3JkIjoiZGEzZDQwMmYwOTExYmVlZmQ3MjdjY2JlOTM0NTM5YTMifX19LCJ1cGRhdGVzIjp7fSwiYnVpbGRUeXBlIjoiYXBrIiwidXNlcm5hbWUiOiJ0YXJ1bjA5IiwidmVyc2lvbiI6eyJ2ZXJzaW9uQ29kZSI6IjUifSwiZXhwZXJpbWVudGFsIjp7fSwibW9kZSI6ImJ1aWxkIiwidHJpZ2dlcmVkQnkiOiJFQVNfQ0xJIiwiYXBwSWQiOiI1MDMwNjE5YS0yNzUxLTQwMWUtYjAyNi05OWM2OTI5ODdhZDciLCJpbml0aWF0aW5nVXNlcklkIjoiNDVkNjI2MmMtMmFiZS00YTMzLWJmZGItMzBhNjBhMTA4ZDQzIn0sIm1ldGFkYXRhIjp7InRyYWNraW5nQ29udGV4dCI6eyJ0cmFja2luZ19pZCI6IjIwOTJmYTdkLTEwZGItNDlkOS05YWE1LTUzYzY2MzNiMGNjOCIsInBsYXRmb3JtIjoiYW5kcm9pZCIsInNka192ZXJzaW9uIjoiNTQuMC4wIiwiYWNjb3VudF9pZCI6Ijg3Yjc4Mjc0LWE1OTQtNGNjNS1iNzkxLTMxNTBmNjE0NTRjNiIsInByb2plY3RfaWQiOiI1MDMwNjE5YS0yNzUxLTQwMWUtYjAyNi05OWM2OTI5ODdhZDciLCJwcm9qZWN0X3R5cGUiOiJtYW5hZ2VkIiwiZGV2X2NsaWVudCI6ZmFsc2UsIm5vX3dhaXQiOmZhbHNlLCJydW5fZnJvbV9jaSI6ZmFsc2UsImxvY2FsIjp0cnVlfSwiYXBwQnVpbGRWZXJzaW9uIjoiNSIsImFwcFZlcnNpb24iOiIxLjAuMCIsImNsaVZlcnNpb24iOiIxNi4zMS4wIiwid29ya2Zsb3ciOiJtYW5hZ2VkIiwiY3JlZGVudGlhbHNTb3VyY2UiOiJyZW1vdGUiLCJzZGtWZXJzaW9uIjoiNTQuMC4wIiwiZmluZ2VycHJpbnRIYXNoIjoiODUyNDY2NTY2ZTJjOGFjMjRlY2JjN2MzOGRiODI1ZWZhZGM4NzRiZiIsInJlYWN0TmF0aXZlVmVyc2lvbiI6IjAuODEuNSIsImRpc3RyaWJ1dGlvbiI6ImludGVybmFsIiwiYXBwTmFtZSI6Ik5hbG1pRlgiLCJhcHBJZGVudGlmaWVyIjoiY29tLm5hbG1pZnguYXBwIiwiYnVpbGRQcm9maWxlIjoicHJvZHVjdGlvbi1hcGsiLCJnaXRDb21taXRIYXNoIjoiNjJmNjY4Mzg1NzE3YzAwZDU3NGY3NmUwZDQ0NDY0NTA5NWE2YjA4OSIsImdpdENvbW1pdE1lc3NhZ2UiOiJhcHAgYnVpbGQgZXJyb3IiLCJpc0dpdFdvcmtpbmdUcmVlRGlydHkiOnRydWUsInVzZXJuYW1lIjoidGFydW4wOSIsInJ1bldpdGhOb1dhaXRGbGFnIjpmYWxzZSwicnVuRnJvbUNJIjpmYWxzZSwiZGV2ZWxvcG1lbnRDbGllbnQiOmZhbHNlLCJyZXF1aXJlZFBhY2thZ2VNYW5hZ2VyIjoibnBtIiwic2ltdWxhdG9yIjpmYWxzZX19 exited with non-zero code: 1
    Error: build command failed.
